FUNCTION fact :
PARAM n
IF n == #1 GOTO label_0
GOTO label_1
LABEL label_0 :
RETURN n
GOTO label_2
LABEL label_1 :
dyj0 := n - #1
ARG dyj0
dyj := CALL fact
dyj1 := n * dyj
RETURN dyj1
LABEL label_2 :
FUNCTION main :
READ dyj
m := dyj
IF m > #1 GOTO label_3
GOTO label_4
LABEL label_3 :
ARG m
dyj := CALL fact
result := dyj
GOTO label_5
LABEL label_4 :
result := #1
LABEL label_5 :
WRITE result
RETURN #0
