FUNCTION main :
N := #30
num := #0
i := #1
k := #1
LABEL label_0 :
IF k <= N GOTO label_1
GOTO label_9
LABEL label_1 :
LABEL label_2 :
IF i <= k GOTO label_3
GOTO label_6
LABEL label_3 :
dyj0 := k / i
dyj1 := dyj0 * i
IF k == dyj1 GOTO label_4
GOTO label_5
LABEL label_4 :
dyj2 := num + #1
num := dyj2
LABEL label_5 :
dyj3 := i + #1
i := dyj3
GOTO label_2
LABEL label_6 :
IF num == #2 GOTO label_7
GOTO label_8
LABEL label_7 :
WRITE k
LABEL label_8 :
i := #1
num := #0
dyj4 := k + #1
k := dyj4
GOTO label_0
LABEL label_9 :
RETURN #0
