FUNCTION main :
READ dyj
year := dyj
READ dyj
month := dyj
dyj0 := year / #100
dyj1 := dyj0 * #100
IF year == dyj1 GOTO label_0
GOTO label_16
LABEL label_0 :
dyj2 := year / #400
dyj3 := dyj2 * #400
IF year == dyj3 GOTO label_1
GOTO label_8
LABEL label_1 :
IF month == #2 GOTO label_2
GOTO label_3
LABEL label_2 :
WRITE #29
GOTO label_7
LABEL label_3 :
dyj4 := month / #2
dyj5 := dyj4 * #2
IF month == dyj5 GOTO label_4
GOTO label_5
LABEL label_4 :
WRITE #30
GOTO label_6
LABEL label_5 :
WRITE #31
LABEL label_6 :
LABEL label_7 :
GOTO label_15
LABEL label_8 :
IF month == #2 GOTO label_9
GOTO label_10
LABEL label_9 :
WRITE #28
GOTO label_14
LABEL label_10 :
dyj6 := month / #2
dyj7 := dyj6 * #2
IF month == dyj7 GOTO label_11
GOTO label_12
LABEL label_11 :
WRITE #30
GOTO label_13
LABEL label_12 :
WRITE #31
LABEL label_13 :
LABEL label_14 :
LABEL label_15 :
GOTO label_32
LABEL label_16 :
dyj8 := year / #4
dyj9 := dyj8 * #4
IF year == dyj9 GOTO label_17
GOTO label_24
LABEL label_17 :
IF month == #2 GOTO label_18
GOTO label_19
LABEL label_18 :
WRITE #29
GOTO label_23
LABEL label_19 :
dyj10 := month / #2
dyj11 := dyj10 * #2
IF month == dyj11 GOTO label_20
GOTO label_21
LABEL label_20 :
WRITE #30
GOTO label_22
LABEL label_21 :
WRITE #31
LABEL label_22 :
LABEL label_23 :
GOTO label_31
LABEL label_24 :
IF month == #2 GOTO label_25
GOTO label_26
LABEL label_25 :
WRITE #28
GOTO label_30
LABEL label_26 :
dyj12 := month / #2
dyj13 := dyj12 * #2
IF month == dyj13 GOTO label_27
GOTO label_28
LABEL label_27 :
WRITE #30
GOTO label_29
LABEL label_28 :
WRITE #31
LABEL label_29 :
LABEL label_30 :
LABEL label_31 :
LABEL label_32 :
RETURN #0
